npx : error: unknown option '-v'
At line:1 char:1
+ npx playwright test tests\smoke\Login.spec.ts -v 2>&1 | tee test-outp ...
+ ~~~~~~~~~~~~~~~~~~~~~~~~~~~~~~~~~~~~~~~~~~~~~~~~~~~~~
    + CategoryInfo          : NotSpecified: (error: unknown option '-v':String 
   ) [], RemoteException
    + FullyQualifiedErrorId : NativeCommandError
 
